Workflow checks passed: retained keyed inputs, retired records, complete XYZ draft and invalid-proposal rejection.
{"kind":"notice","message":"Cell search matched 0 entries."}
Previous workbook backed up to /var/folders/sv/q0qz4b6n7v34w0wzt91xqzgw0000gn/T/thachbi-register-backup-1791497797617.xlsx
Inspect result written to file: /Users/danghoang/Desktop/giaoxuthachbi_work/docs/electrical-grid/categories/lighting/register.xlsx.tmp.xlsx.inspect.ndjson
{"workbook":"/Users/danghoang/Desktop/giaoxuthachbi_work/docs/electrical-grid/categories/lighting/register.xlsx","equipment":220,"routes":241,"vertices":2042}
{"kind":"notice","message":"Cell search matched 0 entries."}
Previous workbook backed up to /var/folders/sv/q0qz4b6n7v34w0wzt91xqzgw0000gn/T/thachbi-register-backup-1791497799390.xlsx
Inspect result written to file: /Users/danghoang/Desktop/giaoxuthachbi_work/docs/electrical-grid/categories/sound/register.xlsx.tmp.xlsx.inspect.ndjson
{"workbook":"/Users/danghoang/Desktop/giaoxuthachbi_work/docs/electrical-grid/categories/sound/register.xlsx","equipment":32,"routes":42,"vertices":302}
{"kind":"notice","message":"Cell search matched 0 entries."}
Previous workbook backed up to /var/folders/sv/q0qz4b6n7v34w0wzt91xqzgw0000gn/T/thachbi-register-backup-1791497800086.xlsx
Inspect result written to file: /Users/danghoang/Desktop/giaoxuthachbi_work/docs/electrical-grid/categories/air-system/register.xlsx.tmp.xlsx.inspect.ndjson
{"workbook":"/Users/danghoang/Desktop/giaoxuthachbi_work/docs/electrical-grid/categories/air-system/register.xlsx","equipment":39,"routes":53,"vertices":348}
{"kind":"notice","message":"Cell search matched 0 entries."}
Previous workbook backed up to /var/folders/sv/q0qz4b6n7v34w0wzt91xqzgw0000gn/T/thachbi-register-backup-1791497800652.xlsx
Inspect result written to file: /Users/danghoang/Desktop/giaoxuthachbi_work/docs/electrical-grid/categories/exit-signs/register.xlsx.tmp.xlsx.inspect.ndjson
{"workbook":"/Users/danghoang/Desktop/giaoxuthachbi_work/docs/electrical-grid/categories/exit-signs/register.xlsx","equipment":5,"routes":7,"vertices":54}
{"kind":"notice","message":"Cell search matched 0 entries."}
Previous workbook backed up to /var/folders/sv/q0qz4b6n7v34w0wzt91xqzgw0000gn/T/thachbi-register-backup-1791497800973.xlsx
Inspect result written to file: /Users/danghoang/Desktop/giaoxuthachbi_work/docs/electrical-grid/categories/decoration/register.xlsx.tmp.xlsx.inspect.ndjson
{"workbook":"/Users/danghoang/Desktop/giaoxuthachbi_work/docs/electrical-grid/categories/decoration/register.xlsx","equipment":30,"routes":0,"vertices":0}
{"kind":"notice","message":"Cell search matched 0 entries."}
Previous workbook backed up to /var/folders/sv/q0qz4b6n7v34w0wzt91xqzgw0000gn/T/thachbi-register-backup-1791497801354.xlsx
Inspect result written to file: /Users/danghoang/Desktop/giaoxuthachbi_work/docs/electrical-grid/categories/distribution-controls/register.xlsx.tmp.xlsx.inspect.ndjson
{"workbook":"/Users/danghoang/Desktop/giaoxuthachbi_work/docs/electrical-grid/categories/distribution-controls/register.xlsx","equipment":5,"routes":4,"vertices":41}
{"categories":6,"report":"/Users/danghoang/Desktop/giaoxuthachbi_work/docs/electrical-grid/summary-report.md","totals":{"equipment":331,"shown":316,"hidden":15,"connected":296,"commandedOn":267,"retiredEquipment":0,"retiredRoutes":4,"routes":343,"vertices":2775,"routeMetres":4752.704605850756,"homeRunMetres":1891.2752133185713,"bundleMetres":583.9210424894335,"segmentMetres":3987.846318498077,"watts":5908.860942824117,"kWhService":8.863291414236176,"kWhMonth":354.531656569447,"specsDocumented":0,"controlsDocumented":0,"cableDocumented":0,"allowancesEntered":0,"allowancePopulation":333}}
