{"id":"baseline-existing-delays","seconds":0.98,"wingStiMin":0.425675584825402,"wingStiMean":0.4999018068659867,"naveStiMin":0.5266327747379425,"allStiMin":0.425675584825402,"feedback":[["S291",1.2062627704490154],["S292",1.7148436355671066]],"echoes":0}
{"id":"baseline-aligned","seconds":0.894,"wingStiMin":0.425675584825402,"wingStiMean":0.4999018068659867,"naveStiMin":0.5266327747379425,"allStiMin":0.425675584825402,"feedback":[["S291",1.2062627704490154],["S292",1.7148436355671066]],"echoes":0}
{"id":"no-wing-comparison-only","seconds":0.842,"wingStiMin":0.3809767915676275,"wingStiMean":0.3992099685398006,"naveStiMin":0.5265558619375721,"allStiMin":0.3809767915676275,"feedback":[["S291",1.7918870416211234],["S292",2.2440283208771348]],"echoes":74}
{"id":"column-y3.8-tilt-20-level-10","seconds":0.94,"wingStiMin":0.37245622945017137,"wingStiMean":0.4123624869753793,"naveStiMin":0.5298975553136184,"allStiMin":0.37245622945017137,"feedback":[["S291",1.3904701768128405],["S292",1.8644136420830293]],"echoes":38}
{"id":"column-y3.8-tilt-20-level-6","seconds":0.888,"wingStiMin":0.39181726680048157,"wingStiMean":0.4501963478266073,"naveStiMin":0.5344672285337712,"allStiMin":0.39181726680048157,"feedback":[["S291",0.8463338985880426],["S292",1.3469390039286822]],"echoes":14}
{"id":"column-y3.8-tilt-35-level-10","seconds":0.927,"wingStiMin":0.37944663683248525,"wingStiMean":0.4390508825786119,"naveStiMin":0.524448226848875,"allStiMin":0.37944663683248525,"feedback":[["S291",1.3937093460685475],["S292",1.8667673993247291]],"echoes":12}
{"id":"column-y3.8-tilt-35-level-6","seconds":0.87,"wingStiMin":0.40974508042905655,"wingStiMean":0.489433123466291,"naveStiMin":0.521711900426489,"allStiMin":0.40974508042905655,"feedback":[["S291",0.8535154304661532],["S292",1.3521890002151196]],"echoes":0}
{"id":"column-y3.8-tilt-50-level-10","seconds":0.928,"wingStiMin":0.39426850255819357,"wingStiMean":0.4457600278259304,"naveStiMin":0.522966453565427,"allStiMin":0.39426850255819357,"feedback":[["S291",1.3979149919571512],["S292",1.8667368974219727]],"echoes":7}
{"id":"column-y3.8-tilt-50-level-6","seconds":0.896,"wingStiMin":0.4222191231343788,"wingStiMean":0.49572422319004883,"naveStiMin":0.5180222070271545,"allStiMin":0.4222191231343788,"feedback":[["S291",0.8628494706072587],["S292",1.3521209440905793]],"echoes":0}
{"id":"column-y4.4-tilt-20-level-10","seconds":0.931,"wingStiMin":0.3710377119224979,"wingStiMean":0.40150951618001257,"naveStiMin":0.5306118178667573,"allStiMin":0.3710377119224979,"feedback":[["S291",1.3903537846011886],["S292",1.8633408573465289]],"echoes":49}
{"id":"column-y4.4-tilt-20-level-6","seconds":0.861,"wingStiMin":0.385482611862018,"wingStiMean":0.4305245113179999,"naveStiMin":0.5359848968426763,"allStiMin":0.385482611862018,"feedback":[["S291",0.8460759677817293],["S292",1.3445473453947372]],"echoes":29}
{"id":"column-y4.4-tilt-35-level-10","seconds":0.926,"wingStiMin":0.37523983492388674,"wingStiMean":0.4295244615594319,"naveStiMin":0.5252986101252255,"allStiMin":0.37523983492388674,"feedback":[["S291",1.392114785984873],["S292",1.8656238286143605]],"echoes":21}
{"id":"column-y4.4-tilt-35-level-6","seconds":0.861,"wingStiMin":0.39829870936314693,"wingStiMean":0.47389305890382827,"naveStiMin":0.5237957069393333,"allStiMin":0.39829870936314693,"feedback":[["S291",0.8499793315086208],["S292",1.3496378572325014]],"echoes":2}
{"id":"column-y4.4-tilt-50-level-10","seconds":0.921,"wingStiMin":0.3923547395014268,"wingStiMean":0.44028506716100513,"naveStiMin":0.5231747723136424,"allStiMin":0.3923547395014268,"feedback":[["S291",1.394206988418631],["S292",1.864336669741732]],"echoes":8}
{"id":"column-y4.4-tilt-50-level-6","seconds":0.858,"wingStiMin":0.4292340377030768,"wingStiMean":0.48986931694414027,"naveStiMin":0.5185330577904543,"allStiMin":0.4292340377030768,"feedback":[["S291",0.8546193267022417],["S292",1.3467673781580416]],"echoes":0}
{"id":"point-y3.8-tilt-20-level-14","seconds":0.931,"wingStiMin":0.37577721105022577,"wingStiMean":0.4007072171545138,"naveStiMin":0.5261558118293139,"allStiMin":0.37577721105022577,"feedback":[["S291",1.6332381723163678],["S292",2.088641844568521]],"echoes":57}
{"id":"point-y3.8-tilt-20-level-10","seconds":0.859,"wingStiMin":0.383778523026033,"wingStiMean":0.42403961472713636,"naveStiMin":0.5257597307047114,"allStiMin":0.383778523026033,"feedback":[["S291",1.4038721508434264],["S292",1.8637906677206075]],"echoes":25}
{"id":"point-y3.8-tilt-35-level-14","seconds":0.922,"wingStiMin":0.3797518581004813,"wingStiMean":0.4128472464115561,"naveStiMin":0.5251911667015627,"allStiMin":0.3797518581004813,"feedback":[["S291",1.6354178655527747],["S292",2.0907798060791194]],"echoes":39}
{"id":"point-y3.8-tilt-35-level-10","seconds":0.871,"wingStiMin":0.3940796461907709,"wingStiMean":0.44557595642445297,"naveStiMin":0.5233737298549078,"allStiMin":0.3940796461907709,"feedback":[["S291",1.4090674377090266],["S292",1.8688917567167564]],"echoes":15}
{"id":"point-y4.4-tilt-20-level-14","seconds":0.925,"wingStiMin":0.3732881871706477,"wingStiMean":0.3965466276979785,"naveStiMin":0.5264064266573422,"allStiMin":0.3732881871706477,"feedback":[["S291",1.6326145194731296],["S292",2.0881373578600915]],"echoes":64}
{"id":"point-y4.4-tilt-20-level-10","seconds":0.864,"wingStiMin":0.38127756023052745,"wingStiMean":0.4140667629950829,"naveStiMin":0.5263624585731649,"allStiMin":0.38127756023052745,"feedback":[["S291",1.4023863411242274],["S292",1.862587490294544]],"echoes":39}
{"id":"point-y4.4-tilt-35-level-14","seconds":0.927,"wingStiMin":0.3777910736338659,"wingStiMean":0.4074602729209006,"naveStiMin":0.5254527303133473,"allStiMin":0.3777910736338659,"feedback":[["S291",1.6337060024539056],["S292",2.089835241776882]],"echoes":44}
{"id":"point-y4.4-tilt-35-level-10","seconds":0.859,"wingStiMin":0.38918691836798674,"wingStiMean":0.4364143840086297,"naveStiMin":0.524020597473321,"allStiMin":0.38918691836798674,"feedback":[["S291",1.4049869174205867],["S292",1.866637635631058]],"echoes":17}
