
> thach-bi-web@0.1.0 check:boundary
> node scripts/check-build-boundary.mjs

{
  "schemaVersion": 1,
  "buildId": "1WAT1D-QKfVwh3_eGjCPT",
  "inspectedEntries": 2355,
  "inspectedBytes": 87687697,
  "traceReferences": 4205,
  "forbiddenMarkers": [
    "synthetic-private-canary",
    "synthetic-private-path",
    "synthetic-unpublished-title",
    "legacy-viewer-directory",
    "engineering-source-directory",
    "dimension-source-directory",
    "synthetic-gallery-build",
    "synthetic-gallery-credit",
    "private-test-fixture"
  ],
  "failures": [],
  "limits": "Exact byte/path canaries and trace containment only; not a universal secret detector or authorization test."
}
npm notice
npm notice New major version of npm available! 10.9.9 -> 12.2.0
npm notice Changelog: https://github.com/npm/cli/releases/tag/v12.2.0
npm notice To update run: npm install -g npm@12.2.0
npm notice
