full-4: 368 receivers; lux min=196.80348977977386; STI min=0.43919587826277307; air min=0.2567843009999638
weekday-4: 368 receivers; lux min=139.9861402093843; STI min=0.44358864192619013; air min=0.2567843009999638
prayer-4: 368 receivers; lux min=46.01514093098252; STI min=null; air min=0.16690979564997643
festival-4: 368 receivers; lux min=196.80348977977386; STI min=0.435565021074346; air min=0.2567843009999638
overflow-4: 368 receivers; lux min=196.80348977977386; STI min=0.4207149491745068; air min=0.2567843009999638
cleaning-4: 368 receivers; lux min=173.9435098375049; STI min=null; air min=0.16690979564997643
security-4: 368 receivers; lux min=0.06025223729784523; STI min=null; air min=0
off-4: 368 receivers; lux min=0; STI min=null; air min=0
full-2: 368 receivers; lux min=201.04451120285307; STI min=0.4382492770493169; air min=0.2604316942661301
weekday-2: 368 receivers; lux min=145.16602651239856; STI min=0.4426306263365531; air min=0.2604316942661301
prayer-2: 368 receivers; lux min=46.90103366393089; STI min=null; air min=0.16928060127298455
festival-2: 368 receivers; lux min=201.04451120285307; STI min=0.4346378948522289; air min=0.2604316942661301
overflow-2: 368 receivers; lux min=201.04451120285307; STI min=0.41967034812432913; air min=0.2604316942661301
cleaning-2: 368 receivers; lux min=178.6921890367245; STI min=null; air min=0.16928060127298455
security-2: 368 receivers; lux min=0.06463338539397571; STI min=null; air min=0
off-2: 368 receivers; lux min=0; STI min=null; air min=0
sensitivity-hot-still-4: 368 receivers; lux min=196.80348977977386; STI min=0.44359781526667064; air min=0.2567843009999638
sensitivity-wet-restricted-4: 368 receivers; lux min=197.97172944367213; STI min=0.41600060889328666; air min=0.2567843009999638
sensitivity-cool-4: 368 receivers; lux min=196.80348977977386; STI min=0.436833589342449; air min=0.2567843009999638
sensitivity-peak-occupied-4: 368 receivers; lux min=196.80348977977386; STI min=0.46630172836383; air min=0.2567843009999638
sensitivity-sparse-4: 368 receivers; lux min=196.80348977977386; STI min=0.406763699246962; air min=0.2567843009999638
sensitivity-openings-closed-4: 368 receivers; lux min=198.3659242730097; STI min=0.40645191228241995; air min=0.2567843009999638
sensitivity-noisy-4: 368 receivers; lux min=196.80348977977386; STI min=0.41644536651454217; air min=0.2567843009999638
sensitivity-talker-far-4: 368 receivers; lux min=196.80348977977386; STI min=0.43919587826277307; air min=0.2567843009999638
full-4: 368 receivers; lux min=196.80348977977386; STI min=0.43919587826277307; air min=0.2567843009999638
weekday-4: 368 receivers; lux min=139.9861402093843; STI min=0.44358864192619013; air min=0.2567843009999638
prayer-4: 368 receivers; lux min=46.01514093098252; STI min=null; air min=0.16690979564997643
festival-4: 368 receivers; lux min=196.80348977977386; STI min=0.435565021074346; air min=0.2567843009999638
overflow-4: 368 receivers; lux min=196.80348977977386; STI min=0.4207149491745068; air min=0.2567843009999638
cleaning-4: 368 receivers; lux min=173.9435098375049; STI min=null; air min=0.16690979564997643
security-4: 368 receivers; lux min=0.06025223729784523; STI min=null; air min=0
off-4: 368 receivers; lux min=0; STI min=null; air min=0
full-2: 368 receivers; lux min=201.04451120285307; STI min=0.4382492770493169; air min=0.2604316942661301
weekday-2: 368 receivers; lux min=145.16602651239856; STI min=0.4426306263365531; air min=0.2604316942661301
prayer-2: 368 receivers; lux min=46.90103366393089; STI min=null; air min=0.16928060127298455
festival-2: 368 receivers; lux min=201.04451120285307; STI min=0.4346378948522289; air min=0.2604316942661301
overflow-2: 368 receivers; lux min=201.04451120285307; STI min=0.41967034812432913; air min=0.2604316942661301
cleaning-2: 368 receivers; lux min=178.6921890367245; STI min=null; air min=0.16928060127298455
security-2: 368 receivers; lux min=0.06463338539397571; STI min=null; air min=0
off-2: 368 receivers; lux min=0; STI min=null; air min=0
sensitivity-hot-still-4: 368 receivers; lux min=196.80348977977386; STI min=0.44359781526667064; air min=0.2567843009999638
sensitivity-wet-restricted-4: 368 receivers; lux min=197.97172944367213; STI min=0.41600060889328666; air min=0.2567843009999638
sensitivity-cool-4: 368 receivers; lux min=196.80348977977386; STI min=0.436833589342449; air min=0.2567843009999638
sensitivity-peak-occupied-4: 368 receivers; lux min=196.80348977977386; STI min=0.46630172836383; air min=0.2567843009999638
sensitivity-sparse-4: 368 receivers; lux min=196.80348977977386; STI min=0.406763699246962; air min=0.2567843009999638
sensitivity-openings-closed-4: 368 receivers; lux min=198.3659242730097; STI min=0.40645191228241995; air min=0.2567843009999638
sensitivity-noisy-4: 368 receivers; lux min=196.80348977977386; STI min=0.41644536651454217; air min=0.2567843009999638
sensitivity-talker-far-4: 368 receivers; lux min=196.80348977977386; STI min=0.43919587826277307; air min=0.2567843009999638
Saved 24 cases to review/engineering-baseline-2026-10-08/study-results; repeat: true
