{"electrical":"passed","installedComponents":286,"selectableRuns":329}
{"facadeCoverage":"passed","samples":[{"y":7.5,"z":-3,"lux":41.6},{"y":7.5,"z":0,"lux":19.3},{"y":7.5,"z":3,"lux":41.6},{"y":8.5,"z":-3,"lux":73.1},{"y":8.5,"z":0,"lux":39.7},{"y":8.5,"z":3,"lux":73.1},{"y":9.5,"z":-3,"lux":110.9},{"y":9.5,"z":0,"lux":52.7},{"y":9.5,"z":3,"lux":110.9},{"y":10.25,"z":-3,"lux":110},{"y":10.25,"z":0,"lux":55.2},{"y":10.25,"z":3,"lux":110},{"y":11,"z":-3,"lux":97.9},{"y":11,"z":0,"lux":53.3},{"y":11,"z":3,"lux":97.9},{"y":13,"z":-3,"lux":60},{"y":13,"z":0,"lux":41.8},{"y":13,"z":3,"lux":60},{"y":15,"z":-3,"lux":73.3},{"y":15,"z":0,"lux":65.9},{"y":15,"z":3,"lux":73.3},{"y":17,"z":0,"lux":76.3},{"y":19,"z":0,"lux":60.5},{"y":21.5,"z":0,"lux":35.5}]}
{"stableInteriorLighting":"passed","shadowIds":"L98,L99","ambient":[0.045695893143124264,[0.3277780980458375,0.4396571738310091,0.623960391667596],[0.07227185067438519,0.051269458367115384,0.03954623527052923],110]}
{"naveStiOk":85,"naveStiMin":0.533,"wingStiAvg":0.51,"wingStiMin":0.439,"wingLuxMin":210}
{
 "checks": "passed",
 "mode": "calculation audit",
 "designTargets": [
  {
   "name": "No design warnings",
   "met": false,
   "detail": "Low feedback margin Ambo microphone: only 1.2 dB of margin.; Low feedback margin Altar microphone: only 1.7 dB of margin."
  },
  {
   "name": "At least 95% of seats reach 200 lux",
   "met": true,
   "detail": "98.9%"
  },
  {
   "name": "Every wing seat reaches 200 lux",
   "met": true,
   "detail": "210.0 lux minimum"
  },
  {
   "name": "Nave clarity: minimum 0.45, at least 75% reaching 0.60",
   "met": true,
   "detail": "minimum 0.533, 85.1% reaching 0.60"
  },
  {
   "name": "Wing clarity: minimum 0.45, average 0.50",
   "met": false,
   "detail": "minimum 0.439, average 0.510"
  }
 ],
 "allOff": {
  "watts": 15,
  "lux": 0,
  "air": 0,
  "noise": 40,
  "spl": null,
  "sti": null
 },
 "items": 322,
 "lux": {
  "avg": 349,
  "min": 197,
  "p10": 263,
  "u0": 0.56,
  "okPct": 99
 },
 "sti": {
  "avg": 0.612,
  "min": 0.439,
  "okPct": 67,
  "fairPct": 93
 },
 "air": {
  "avg": 0.4,
  "min": 0.26,
  "max": 0.79,
  "okPct": 95
 },
 "noise": {
  "avg": 43.3,
  "max": 43.5
 },
 "Tmid": 1.16
}
